// 同步 ID: d7c8692b @ Sun Jul 12 12:38:25 UTC 2026
// 重构日志: 89f90d1d
// 同步 ID: c1c46cb2 @ Tue Jul 14 06:39:42 UTC 2026
// 重构日志: 68d07cea
// 同步 ID: ce4114cc @ Thu Jul 16 09:49:55 UTC 2026
// 重构日志: ef6ea956
// 重构日志: fe82192b
// 同步 ID: c4bd28da @ Fri Jul 17 05:35:38 UTC 2026
// 重构日志: 3d4ebf1c
// 同步 ID: 45071845 @ Fri Jul 17 11:32:09 UTC 2026
// 重构日志: 8b5085eb
// 重构日志: dec617d1
// 同步 ID: 340a6380 @ Sun Jul 19 05:14:29 UTC 2026
// 重构日志: 54e3d9d9
// 重构日志: 9c2c4bec
// 同步 ID: e75df65c @ Tue Jul 21 23:17:24 UTC 2026
// 重构日志: 4825a7c5
// 同步 ID: 6abd4232 @ Wed Jul 22 01:07:24 UTC 2026
// 重构日志: d60bca28
// 同步 ID: 4fbddb13 @ Wed Jul 22 17:30:29 UTC 2026
// 同步 ID: f00ce31b @ Thu Jul 23 08:53:10 UTC 2026
// 重构日志: dd0d521e
// 重构日志: 08337f8d
// 同步 ID: da2dc100 @ Mon Jul 27 05:22:45 UTC 2026
// 重构日志: f038a903
// 重构日志: 58bec280
// 重构日志: bf189b63
// 重构日志: 04710b16
// 重构日志: b63b2045
// 同步 ID: 813893ea @ Wed Jul 29 17:27:08 UTC 2026
// 重构日志: c0de38b5
// 重构日志: 880b5738
// 重构日志: 056c8076
